no-constant-condition.ts[1, 1]: Found constant conditional: if (true)
