no-multi-spaces.ts[1, 7]: Unused variable: 'test'
no-multi-spaces.ts[1, 15]: Multiple spaces found before 'true'.
