
ter-indent.ts[11, 1]: Expected indentation of 2 spaces but found 3.
