
ter-arrow-spacing.ts[5, 11]: Multiple spaces found before '=>'.
